NODES_100_RU.md: OK
PACKAGE_SUMMARY.json: OK
README_RU.md: OK
RESEARCH_NOTE_RU.md: OK
attempt_limits.json: OK
build_usable_polynomial.py: OK
certificate_suite.json: OK
environment.json: OK
frobenius_split_check.json: OK
frobenius_split_check.py: OK
independent_search_validate.py: OK
independent_search_validation.json: OK
independent_validate.py: OK
independent_validation.json: OK
input/M16_cost_bridge_research_pass/README_RU.md: OK
input/M16_cost_bridge_research_pass/RESEARCH_NOTE_RU.md: OK
input/M16_cost_bridge_research_pass/exact_cost_bounds.json: OK
input/M16_cost_bridge_research_pass/exact_cost_bounds.py: OK
input/M16_cost_bridge_research_pass/factorbase_replay.json: OK
input/M16_cost_bridge_research_pass/independent_validation.json: OK
input/M16_cost_bridge_research_pass/permutation_cost_certificate.json: OK
input/M16_cost_bridge_research_pass/permutation_cost_certificate.py: OK
input/M16_cost_bridge_research_pass/previous/verify_m16_factorbase.py: OK
input/M16_cost_bridge_research_pass/select_toys.py: OK
input/M16_cost_bridge_research_pass/sources.json: OK
input/M16_cost_bridge_research_pass/toy_end_to_end.json: OK
input/M16_cost_bridge_research_pass/toy_end_to_end.py: OK
input/M16_cost_bridge_research_pass/toy_selection.json: OK
input/M16_cost_bridge_research_pass/toy_yield_and_search.json: OK
input/M16_cost_bridge_research_pass/toy_yield_and_search.py: OK
input/M16_cost_bridge_research_pass/validate_independent.py: OK
kronecker_gmp.c: OK
make_node_ledger.py: OK
nodes_100.json: OK
norm_bridge.py: OK
norm_secp_distinct.json: OK
norm_standalone_recovery.json: OK
q2_benchmark.json: OK
q2_benchmark_plan.json: OK
q2_slope_solver.py: OK
q4_163_9_0.json: OK
q4_163_9_1_usable.json: OK
q4_163_9_1_usable_repeat.json: OK
q4_163_9_2_usable.json: OK
q4_163_9_3_usable.json: OK
q4_97_6_0.json: OK
q4_97_6_0_usable.json: OK
q4_97_6_1_usable.json: OK
q4_97_6_2_usable.json: OK
q4_followup_plan.json: OK
q4_symbolic_probe.py: OK
quantitative_bounds.json: OK
quantitative_bounds.py: OK
run_certificate_suite.py: OK
run_q2_benchmark.py: OK
sources.json: OK
usable_cube_polynomial.bin: OK
usable_cube_roots.bin: OK
usable_polynomial_report.json: OK
usable_polynomial_validation.json: OK
usable_roots_report.json: OK
validate_usable_polynomial.py: OK
